Archive member included to satisfy reference by file (symbol)

/usr/lib/x86_64-linux-gnu/libc_nonshared.a(elf-init.oS)
                              /usr/lib/gcc/x86_64-linux-gnu/5/../../../x86_64-linux-gnu/crt1.o (__libc_csu_init)

Discarded input sections

 .note.GNU-stack
                0x0000000000000000        0x0 /usr/lib/gcc/x86_64-linux-gnu/5/../../../x86_64-linux-gnu/crt1.o
 .note.GNU-stack
                0x0000000000000000        0x0 /usr/lib/gcc/x86_64-linux-gnu/5/../../../x86_64-linux-gnu/crti.o
 .note.GNU-stack
                0x0000000000000000        0x0 /usr/lib/gcc/x86_64-linux-gnu/5/crtbegin.o
 .note.GNU-stack
                0x0000000000000000        0x0 conversion.o
 .note.GNU-stack
                0x0000000000000000        0x0 project1.o
 .note.GNU-stack
                0x0000000000000000        0x0 system_MKL25Z4.o
 .note.GNU-stack
                0x0000000000000000        0x0 main.o
 .note.GNU-stack
                0x0000000000000000        0x0 debug.o
 .note.GNU-stack
                0x0000000000000000        0x0 memory.o
 .note.GNU-stack
                0x0000000000000000        0x0 /usr/lib/x86_64-linux-gnu/libc_nonshared.a(elf-init.oS)
 .note.GNU-stack
                0x0000000000000000        0x0 /usr/lib/gcc/x86_64-linux-gnu/5/crtend.o
 .note.GNU-stack
                0x0000000000000000        0x0 /usr/lib/gcc/x86_64-linux-gnu/5/../../../x86_64-linux-gnu/crtn.o

Memory Configuration

Name             Origin             Length             Attributes
*default*        0x0000000000000000 0xffffffffffffffff

Linker script and memory map

LOAD /usr/lib/gcc/x86_64-linux-gnu/5/../../../x86_64-linux-gnu/crt1.o
LOAD /usr/lib/gcc/x86_64-linux-gnu/5/../../../x86_64-linux-gnu/crti.o
LOAD /usr/lib/gcc/x86_64-linux-gnu/5/crtbegin.o
LOAD conversion.o
LOAD project1.o
LOAD system_MKL25Z4.o
LOAD main.o
LOAD debug.o
LOAD memory.o
LOAD /usr/lib/gcc/x86_64-linux-gnu/5/libgcc.a
LOAD /usr/lib/gcc/x86_64-linux-gnu/5/libgcc_s.so
LOAD /usr/lib/gcc/x86_64-linux-gnu/5/../../../x86_64-linux-gnu/libc.so
START GROUP
LOAD /lib/x86_64-linux-gnu/libc.so.6
LOAD /usr/lib/x86_64-linux-gnu/libc_nonshared.a
LOAD /lib/x86_64-linux-gnu/ld-linux-x86-64.so.2
END GROUP
LOAD /usr/lib/gcc/x86_64-linux-gnu/5/libgcc.a
LOAD /usr/lib/gcc/x86_64-linux-gnu/5/libgcc_s.so
LOAD /usr/lib/gcc/x86_64-linux-gnu/5/crtend.o
LOAD /usr/lib/gcc/x86_64-linux-gnu/5/../../../x86_64-linux-gnu/crtn.o
                [!provide]                        PROVIDE (__executable_start, 0x400000)
                0x0000000000400238                . = (0x400000 + SIZEOF_HEADERS)

.interp         0x0000000000400238       0x1c
 *(.interp)
 .interp        0x0000000000400238       0x1c /usr/lib/gcc/x86_64-linux-gnu/5/../../../x86_64-linux-gnu/crt1.o

.note.ABI-tag   0x0000000000400254       0x20
 .note.ABI-tag  0x0000000000400254       0x20 /usr/lib/gcc/x86_64-linux-gnu/5/../../../x86_64-linux-gnu/crt1.o

.note.gnu.build-id
                0x0000000000400274       0x24
 *(.note.gnu.build-id)
 .note.gnu.build-id
                0x0000000000400274       0x24 /usr/lib/gcc/x86_64-linux-gnu/5/../../../x86_64-linux-gnu/crt1.o

.hash
 *(.hash)

.gnu.hash       0x0000000000400298       0x1c
 *(.gnu.hash)
 .gnu.hash      0x0000000000400298       0x1c /usr/lib/gcc/x86_64-linux-gnu/5/../../../x86_64-linux-gnu/crt1.o

.dynsym         0x00000000004002b8       0xf0
 *(.dynsym)
 .dynsym        0x00000000004002b8       0xf0 /usr/lib/gcc/x86_64-linux-gnu/5/../../../x86_64-linux-gnu/crt1.o

.dynstr         0x00000000004003a8       0x78
 *(.dynstr)
 .dynstr        0x00000000004003a8       0x78 /usr/lib/gcc/x86_64-linux-gnu/5/../../../x86_64-linux-gnu/crt1.o

.gnu.version    0x0000000000400420       0x14
 *(.gnu.version)
 .gnu.version   0x0000000000400420       0x14 /usr/lib/gcc/x86_64-linux-gnu/5/../../../x86_64-linux-gnu/crt1.o

.gnu.version_d  0x0000000000400438        0x0
 *(.gnu.version_d)
 .gnu.version_d
                0x0000000000400438        0x0 /usr/lib/gcc/x86_64-linux-gnu/5/../../../x86_64-linux-gnu/crt1.o

.gnu.version_r  0x0000000000400438       0x30
 *(.gnu.version_r)
 .gnu.version_r
                0x0000000000400438       0x30 /usr/lib/gcc/x86_64-linux-gnu/5/../../../x86_64-linux-gnu/crt1.o

.rela.dyn       0x0000000000400468       0x18
 *(.rela.init)
 *(.rela.text .rela.text.* .rela.gnu.linkonce.t.*)
 .rela.text     0x0000000000400468        0x0 /usr/lib/gcc/x86_64-linux-gnu/5/../../../x86_64-linux-gnu/crt1.o
 *(.rela.fini)
 *(.rela.rodata .rela.rodata.* .rela.gnu.linkonce.r.*)
 *(.rela.data .rela.data.* .rela.gnu.linkonce.d.*)
 *(.rela.tdata .rela.tdata.* .rela.gnu.linkonce.td.*)
 *(.rela.tbss .rela.tbss.* .rela.gnu.linkonce.tb.*)
 *(.rela.ctors)
 *(.rela.dtors)
 *(.rela.got)
 .rela.got      0x0000000000400468       0x18 /usr/lib/gcc/x86_64-linux-gnu/5/../../../x86_64-linux-gnu/crt1.o
 *(.rela.bss .rela.bss.* .rela.gnu.linkonce.b.*)
 .rela.bss      0x0000000000400480        0x0 /usr/lib/gcc/x86_64-linux-gnu/5/../../../x86_64-linux-gnu/crt1.o
 *(.rela.ldata .rela.ldata.* .rela.gnu.linkonce.l.*)
 *(.rela.lbss .rela.lbss.* .rela.gnu.linkonce.lb.*)
 *(.rela.lrodata .rela.lrodata.* .rela.gnu.linkonce.lr.*)
 *(.rela.ifunc)

.rela.plt       0x0000000000400480       0xc0
 *(.rela.plt)
 .rela.plt      0x0000000000400480       0xc0 /usr/lib/gcc/x86_64-linux-gnu/5/../../../x86_64-linux-gnu/crt1.o
                [!provide]                        PROVIDE (__rela_iplt_start, .)
 *(.rela.iplt)
 .rela.iplt     0x0000000000400540        0x0 /usr/lib/gcc/x86_64-linux-gnu/5/../../../x86_64-linux-gnu/crt1.o
                [!provide]                        PROVIDE (__rela_iplt_end, .)

.init           0x0000000000400540       0x1a
 *(SORT(.init))
 .init          0x0000000000400540       0x15 /usr/lib/gcc/x86_64-linux-gnu/5/../../../x86_64-linux-gnu/crti.o
                0x0000000000400540                _init
 .init          0x0000000000400555        0x5 /usr/lib/gcc/x86_64-linux-gnu/5/../../../x86_64-linux-gnu/crtn.o

.plt            0x0000000000400560       0x90
 *(.plt)
 .plt           0x0000000000400560       0x90 /usr/lib/gcc/x86_64-linux-gnu/5/../../../x86_64-linux-gnu/crt1.o
                0x0000000000400570                free@@GLIBC_2.2.5
                0x0000000000400580                putchar@@GLIBC_2.2.5
                0x0000000000400590                puts@@GLIBC_2.2.5
                0x00000000004005a0                __stack_chk_fail@@GLIBC_2.4
                0x00000000004005b0                printf@@GLIBC_2.2.5
                0x00000000004005c0                __libc_start_main@@GLIBC_2.2.5
                0x00000000004005d0                malloc@@GLIBC_2.2.5
                0x00000000004005e0                exit@@GLIBC_2.2.5
 *(.iplt)
 .iplt          0x00000000004005f0        0x0 /usr/lib/gcc/x86_64-linux-gnu/5/../../../x86_64-linux-gnu/crt1.o

.plt.got        0x00000000004005f0        0x8
 *(.plt.got)
 .plt.got       0x00000000004005f0        0x8 /usr/lib/gcc/x86_64-linux-gnu/5/../../../x86_64-linux-gnu/crt1.o

.plt.bnd
 *(.plt.bnd)

.text           0x0000000000400600     0x1462
 *(.text.unlikely .text.*_unlikely .text.unlikely.*)
 .text.unlikely
                0x0000000000400600        0x0 /usr/lib/gcc/x86_64-linux-gnu/5/crtbegin.o
 .text.unlikely
                0x0000000000400600        0x0 /usr/lib/x86_64-linux-gnu/libc_nonshared.a(elf-init.oS)
 *(.text.exit .text.exit.*)
 *(.text.startup .text.startup.*)
 *(.text.hot .text.hot.*)
 *(.text .stub .text.* .gnu.linkonce.t.*)
 .text          0x0000000000400600       0x2a /usr/lib/gcc/x86_64-linux-gnu/5/../../../x86_64-linux-gnu/crt1.o
                0x0000000000400600                _start
 .text          0x000000000040062a        0x0 /usr/lib/gcc/x86_64-linux-gnu/5/../../../x86_64-linux-gnu/crti.o
 *fill*         0x000000000040062a        0x6 
 .text          0x0000000000400630       0xc6 /usr/lib/gcc/x86_64-linux-gnu/5/crtbegin.o
 .text          0x00000000004006f6      0x30d conversion.o
                0x00000000004006f6                my_itoa
                0x0000000000400800                my_atoi
                0x00000000004008ef                big_to_little32
                0x0000000000400979                little_to_big32
 .text          0x0000000000400a03      0x920 project1.o
                0x0000000000400a03                test_data1
                0x0000000000400ad1                test_data2
                0x0000000000400b8b                test_memmove1
                0x0000000000400c78                test_memmove2
                0x0000000000400d65                test_memmove3
                0x0000000000400e57                test_memcpy
                0x0000000000400f44                test_memset
                0x0000000000401068                test_reverse
                0x00000000004011e3                project1
 .text          0x0000000000401323      0x304 system_MKL25Z4.o
                0x0000000000401323                SystemInit
                0x0000000000401339                SystemCoreClockUpdate
 .text          0x0000000000401627       0x10 main.o
                0x0000000000401627                main
 .text          0x0000000000401637       0x7c debug.o
                0x0000000000401637                print_memory
 .text          0x00000000004016b3      0x334 memory.o
                0x00000000004016b3                my_memmove
                0x00000000004017ba                my_memcpy
                0x000000000040182b                my_memset
                0x000000000040188c                my_memzero
                0x00000000004018be                my_reverse
                0x000000000040193e                swap
                0x000000000040196e                reserve_words
                0x00000000004019b1                free_words
 *fill*         0x00000000004019e7        0x9 
 .text          0x00000000004019f0       0x72 /usr/lib/x86_64-linux-gnu/libc_nonshared.a(elf-init.oS)
                0x00000000004019f0                __libc_csu_init
                0x0000000000401a60                __libc_csu_fini
 .text          0x0000000000401a62        0x0 /usr/lib/gcc/x86_64-linux-gnu/5/crtend.o
 .text          0x0000000000401a62        0x0 /usr/lib/gcc/x86_64-linux-gnu/5/../../../x86_64-linux-gnu/crtn.o
 *(.gnu.warning)

.fini           0x0000000000401a64        0x9
 *(SORT(.fini))
 .fini          0x0000000000401a64        0x4 /usr/lib/gcc/x86_64-linux-gnu/5/../../../x86_64-linux-gnu/crti.o
                0x0000000000401a64                _fini
 .fini          0x0000000000401a68        0x5 /usr/lib/gcc/x86_64-linux-gnu/5/../../../x86_64-linux-gnu/crtn.o
                [!provide]                        PROVIDE (__etext, .)
                [!provide]                        PROVIDE (_etext, .)
                [!provide]                        PROVIDE (etext, .)

.rodata         0x0000000000401a70      0x284
 *(.rodata .rodata.* .gnu.linkonce.r.*)
 .rodata.cst4   0x0000000000401a70        0x4 /usr/lib/gcc/x86_64-linux-gnu/5/../../../x86_64-linux-gnu/crt1.o
                0x0000000000401a70                _IO_stdin_used
 *fill*         0x0000000000401a74        0x4 
 .rodata        0x0000000000401a78      0x19d project1.o
 *fill*         0x0000000000401c15        0x3 
 .rodata        0x0000000000401c18       0x58 debug.o
 .rodata        0x0000000000401c70       0x84 memory.o

.rodata1
 *(.rodata1)

.eh_frame_hdr   0x0000000000401cf4       0xf4
 *(.eh_frame_hdr)
 .eh_frame_hdr  0x0000000000401cf4       0xf4 /usr/lib/gcc/x86_64-linux-gnu/5/../../../x86_64-linux-gnu/crt1.o
                0x0000000000401cf4                __GNU_EH_FRAME_HDR
 *(.eh_frame_entry .eh_frame_entry.*)

.eh_frame       0x0000000000401de8      0x3f4
 *(.eh_frame)
 .eh_frame      0x0000000000401de8       0x30 /usr/lib/gcc/x86_64-linux-gnu/5/../../../x86_64-linux-gnu/crt1.o
 .eh_frame      0x0000000000401e18       0x40 /usr/lib/gcc/x86_64-linux-gnu/5/../../../x86_64-linux-gnu/crt1.o
 .eh_frame      0x0000000000401e58       0x80 conversion.o
                                         0x98 (size before relaxing)
 .eh_frame      0x0000000000401ed8      0x120 project1.o
                                        0x138 (size before relaxing)
 .eh_frame      0x0000000000401ff8       0x40 system_MKL25Z4.o
                                         0x58 (size before relaxing)
 .eh_frame      0x0000000000402038       0x20 main.o
                                         0x38 (size before relaxing)
 .eh_frame      0x0000000000402058       0x20 debug.o
                                         0x38 (size before relaxing)
 .eh_frame      0x0000000000402078      0x100 memory.o
                                        0x118 (size before relaxing)
 .eh_frame      0x0000000000402178       0x60 /usr/lib/x86_64-linux-gnu/libc_nonshared.a(elf-init.oS)
                                         0x78 (size before relaxing)
 .eh_frame      0x00000000004021d8        0x4 /usr/lib/gcc/x86_64-linux-gnu/5/crtend.o
 *(.eh_frame.*)

.gcc_except_table
 *(.gcc_except_table .gcc_except_table.*)

.gnu_extab
 *(.gnu_extab*)

.exception_ranges
 *(.exception_ranges .exception_ranges*)
                0x0000000000602e10                . = DATA_SEGMENT_ALIGN (0x200000, 0x1000)

.eh_frame
 *(.eh_frame)
 *(.eh_frame.*)

.gnu_extab
 *(.gnu_extab)

.gcc_except_table
 *(.gcc_except_table .gcc_except_table.*)

.exception_ranges
 *(.exception_ranges .exception_ranges*)

.tdata
 *(.tdata .tdata.* .gnu.linkonce.td.*)

.tbss
 *(.tbss .tbss.* .gnu.linkonce.tb.*)
 *(.tcommon)

.preinit_array  0x0000000000602e10        0x0
                [!provide]                        PROVIDE (__preinit_array_start, .)
 *(.preinit_array)
                [!provide]                        PROVIDE (__preinit_array_end, .)

.init_array     0x0000000000602e10        0x8
                0x0000000000602e10                PROVIDE (__init_array_start, .)
 *(SORT(.init_array.*) SORT(.ctors.*))
 *(.init_array EXCLUDE_FILE(*crtend?.o *crtend.o *crtbegin?.o *crtbegin.o) .ctors)
 .init_array    0x0000000000602e10        0x8 /usr/lib/gcc/x86_64-linux-gnu/5/crtbegin.o
                0x0000000000602e18                PROVIDE (__init_array_end, .)

.fini_array     0x0000000000602e18        0x8
                [!provide]                        PROVIDE (__fini_array_start, .)
 *(SORT(.fini_array.*) SORT(.dtors.*))
 *(.fini_array EXCLUDE_FILE(*crtend?.o *crtend.o *crtbegin?.o *crtbegin.o) .dtors)
 .fini_array    0x0000000000602e18        0x8 /usr/lib/gcc/x86_64-linux-gnu/5/crtbegin.o
                [!provide]                        PROVIDE (__fini_array_end, .)

.ctors
 *crtbegin.o(.ctors)
 *crtbegin?.o(.ctors)
 *(EXCLUDE_FILE(*crtend?.o *crtend.o) .ctors)
 *(SORT(.ctors.*))
 *(.ctors)

.dtors
 *crtbegin.o(.dtors)
 *crtbegin?.o(.dtors)
 *(EXCLUDE_FILE(*crtend?.o *crtend.o) .dtors)
 *(SORT(.dtors.*))
 *(.dtors)

.jcr            0x0000000000602e20        0x8
 *(.jcr)
 .jcr           0x0000000000602e20        0x0 /usr/lib/gcc/x86_64-linux-gnu/5/crtbegin.o
 .jcr           0x0000000000602e20        0x8 /usr/lib/gcc/x86_64-linux-gnu/5/crtend.o

.data.rel.ro
 *(.data.rel.ro.local* .gnu.linkonce.d.rel.ro.local.*)
 *(.data.rel.ro .data.rel.ro.* .gnu.linkonce.d.rel.ro.*)

.dynamic        0x0000000000602e28      0x1d0
 *(.dynamic)
 .dynamic       0x0000000000602e28      0x1d0 /usr/lib/gcc/x86_64-linux-gnu/5/../../../x86_64-linux-gnu/crt1.o
                0x0000000000602e28                _DYNAMIC

.got            0x0000000000602ff8        0x8
 *(.got)
 .got           0x0000000000602ff8        0x8 /usr/lib/gcc/x86_64-linux-gnu/5/../../../x86_64-linux-gnu/crt1.o
 *(.igot)
                0x0000000000603fe8                . = DATA_SEGMENT_RELRO_END (., (SIZEOF (.got.plt) >= 0x18)?0x18:0x0)

.got.plt        0x0000000000603000       0x58
 *(.got.plt)
 .got.plt       0x0000000000603000       0x58 /usr/lib/gcc/x86_64-linux-gnu/5/../../../x86_64-linux-gnu/crt1.o
                0x0000000000603000                _GLOBAL_OFFSET_TABLE_
 *(.igot.plt)
 .igot.plt      0x0000000000603058        0x0 /usr/lib/gcc/x86_64-linux-gnu/5/../../../x86_64-linux-gnu/crt1.o

.data           0x0000000000603058       0x14
 *(.data .data.* .gnu.linkonce.d.*)
 .data          0x0000000000603058        0x4 /usr/lib/gcc/x86_64-linux-gnu/5/../../../x86_64-linux-gnu/crt1.o
                0x0000000000603058                data_start
                0x0000000000603058                __data_start
 .data          0x000000000060305c        0x0 /usr/lib/gcc/x86_64-linux-gnu/5/../../../x86_64-linux-gnu/crti.o
 *fill*         0x000000000060305c        0x4 
 .data          0x0000000000603060        0x8 /usr/lib/gcc/x86_64-linux-gnu/5/crtbegin.o
                0x0000000000603060                __dso_handle
 .data          0x0000000000603068        0x0 conversion.o
 .data          0x0000000000603068        0x0 project1.o
 .data          0x0000000000603068        0x4 system_MKL25Z4.o
                0x0000000000603068                SystemCoreClock
 .data          0x000000000060306c        0x0 main.o
 .data          0x000000000060306c        0x0 debug.o
 .data          0x000000000060306c        0x0 memory.o
 .data          0x000000000060306c        0x0 /usr/lib/x86_64-linux-gnu/libc_nonshared.a(elf-init.oS)
 .data          0x000000000060306c        0x0 /usr/lib/gcc/x86_64-linux-gnu/5/crtend.o
 .data          0x000000000060306c        0x0 /usr/lib/gcc/x86_64-linux-gnu/5/../../../x86_64-linux-gnu/crtn.o

.tm_clone_table
                0x0000000000603070        0x0
 .tm_clone_table
                0x0000000000603070        0x0 /usr/lib/gcc/x86_64-linux-gnu/5/crtbegin.o
 .tm_clone_table
                0x0000000000603070        0x0 /usr/lib/gcc/x86_64-linux-gnu/5/crtend.o

.data1
 *(.data1)
                0x0000000000603070                _edata = .
                [!provide]                        PROVIDE (edata, .)
                0x0000000000603070                . = .
                0x0000000000603070                __bss_start = .

.bss            0x000000000060306c        0x4
 *(.dynbss)
 .dynbss        0x000000000060306c        0x0 /usr/lib/gcc/x86_64-linux-gnu/5/../../../x86_64-linux-gnu/crt1.o
 *(.bss .bss.* .gnu.linkonce.b.*)
 .bss           0x000000000060306c        0x0 /usr/lib/gcc/x86_64-linux-gnu/5/../../../x86_64-linux-gnu/crt1.o
 .bss           0x000000000060306c        0x0 /usr/lib/gcc/x86_64-linux-gnu/5/../../../x86_64-linux-gnu/crti.o
 .bss           0x000000000060306c        0x1 /usr/lib/gcc/x86_64-linux-gnu/5/crtbegin.o
 .bss           0x000000000060306d        0x0 conversion.o
 .bss           0x000000000060306d        0x0 project1.o
 .bss           0x000000000060306d        0x0 system_MKL25Z4.o
 .bss           0x000000000060306d        0x0 main.o
 .bss           0x000000000060306d        0x0 debug.o
 .bss           0x000000000060306d        0x0 memory.o
 .bss           0x000000000060306d        0x0 /usr/lib/x86_64-linux-gnu/libc_nonshared.a(elf-init.oS)
 .bss           0x000000000060306d        0x0 /usr/lib/gcc/x86_64-linux-gnu/5/crtend.o
 .bss           0x000000000060306d        0x0 /usr/lib/gcc/x86_64-linux-gnu/5/../../../x86_64-linux-gnu/crtn.o
 *(COMMON)
                0x0000000000603070                . = ALIGN ((. != 0x0)?0x8:0x1)
 *fill*         0x000000000060306d        0x3 

.lbss
 *(.dynlbss)
 *(.lbss .lbss.* .gnu.linkonce.lb.*)
 *(LARGE_COMMON)
                0x0000000000603070                . = ALIGN (0x8)
                0x0000000000603070                . = SEGMENT_START ("ldata-segment", .)

.lrodata
 *(.lrodata .lrodata.* .gnu.linkonce.lr.*)

.ldata          0x0000000000a03070        0x0
 *(.ldata .ldata.* .gnu.linkonce.l.*)
                0x0000000000a03070                . = ALIGN ((. != 0x0)?0x8:0x1)
                0x0000000000a03070                . = ALIGN (0x8)
                0x0000000000a03070                _end = .
                [!provide]                        PROVIDE (end, .)
                0x0000000000a03070                . = DATA_SEGMENT_END (.)

.stab
 *(.stab)

.stabstr
 *(.stabstr)

.stab.excl
 *(.stab.excl)

.stab.exclstr
 *(.stab.exclstr)

.stab.index
 *(.stab.index)

.stab.indexstr
 *(.stab.indexstr)

.comment        0x0000000000000000       0x34
 *(.comment)
 .comment       0x0000000000000000       0x34 /usr/lib/gcc/x86_64-linux-gnu/5/crtbegin.o
                                         0x35 (size before relaxing)
 .comment       0x0000000000000034       0x35 conversion.o
 .comment       0x0000000000000034       0x35 project1.o
 .comment       0x0000000000000034       0x35 system_MKL25Z4.o
 .comment       0x0000000000000034       0x35 main.o
 .comment       0x0000000000000034       0x35 debug.o
 .comment       0x0000000000000034       0x35 memory.o
 .comment       0x0000000000000034       0x35 /usr/lib/gcc/x86_64-linux-gnu/5/crtend.o

.debug
 *(.debug)

.line
 *(.line)

.debug_srcinfo
 *(.debug_srcinfo)

.debug_sfnames
 *(.debug_sfnames)

.debug_aranges  0x0000000000000000      0x120
 *(.debug_aranges)
 .debug_aranges
                0x0000000000000000       0x30 conversion.o
 .debug_aranges
                0x0000000000000030       0x30 project1.o
 .debug_aranges
                0x0000000000000060       0x30 system_MKL25Z4.o
 .debug_aranges
                0x0000000000000090       0x30 main.o
 .debug_aranges
                0x00000000000000c0       0x30 debug.o
 .debug_aranges
                0x00000000000000f0       0x30 memory.o

.debug_pubnames
 *(.debug_pubnames)

.debug_info     0x0000000000000000      0xef0
 *(.debug_info .gnu.linkonce.wi.*)
 .debug_info    0x0000000000000000      0x269 conversion.o
 .debug_info    0x0000000000000269      0x425 project1.o
 .debug_info    0x000000000000068e      0x3d6 system_MKL25Z4.o
 .debug_info    0x0000000000000a64       0x98 main.o
 .debug_info    0x0000000000000afc       0xdd debug.o
 .debug_info    0x0000000000000bd9      0x317 memory.o

.debug_abbrev   0x0000000000000000      0x428
 *(.debug_abbrev)
 .debug_abbrev  0x0000000000000000       0xb2 conversion.o
 .debug_abbrev  0x00000000000000b2       0xe3 project1.o
 .debug_abbrev  0x0000000000000195      0x106 system_MKL25Z4.o
 .debug_abbrev  0x000000000000029b       0x42 main.o
 .debug_abbrev  0x00000000000002dd       0x78 debug.o
 .debug_abbrev  0x0000000000000355       0xd3 memory.o

.debug_line     0x0000000000000000      0x596
 *(.debug_line .debug_line.* .debug_line_end)
 .debug_line    0x0000000000000000       0xe4 conversion.o
 .debug_line    0x00000000000000e4      0x1e5 project1.o
 .debug_line    0x00000000000002c9       0xdd system_MKL25Z4.o
 .debug_line    0x00000000000003a6       0x3b main.o
 .debug_line    0x00000000000003e1       0x6b debug.o
 .debug_line    0x000000000000044c      0x14a memory.o

.debug_frame
 *(.debug_frame)

.debug_str      0x0000000000000000      0x3f1
 *(.debug_str)
 .debug_str     0x0000000000000000      0x157 conversion.o
                                        0x188 (size before relaxing)
 .debug_str     0x0000000000000157       0xa6 project1.o
                                        0x1c8 (size before relaxing)
 .debug_str     0x00000000000001fd      0x14a system_MKL25Z4.o
                                        0x24c (size before relaxing)
 .debug_str     0x0000000000000347        0xc main.o
                                        0x110 (size before relaxing)
 .debug_str     0x0000000000000353       0x1b debug.o
                                        0x137 (size before relaxing)
 .debug_str     0x000000000000036e       0x83 memory.o
                                        0x1a5 (size before relaxing)

.debug_loc
 *(.debug_loc)

.debug_macinfo
 *(.debug_macinfo)

.debug_weaknames
 *(.debug_weaknames)

.debug_funcnames
 *(.debug_funcnames)

.debug_typenames
 *(.debug_typenames)

.debug_varnames
 *(.debug_varnames)

.debug_pubtypes
 *(.debug_pubtypes)

.debug_ranges
 *(.debug_ranges)

.debug_macro
 *(.debug_macro)

.gnu.attributes
 *(.gnu.attributes)

/DISCARD/
 *(.note.GNU-stack)
 *(.gnu_debuglink)
 *(.gnu.lto_*)
OUTPUT(project1.elf elf64-x86-64)
